# Number words
10 De-Gress
2Elements
2Pac
2 Playaz
2Raumwohnung
2-4 Grooves
2 Unlimited
2 Vibes
2 Vibez
3 Besoffskis
3 Colonias
3 Doors Down
3 Global Player's
3LW
3OH!3
3 Untouchables
4 Clubbers
4 Elements
4 Non Blondes
4 Strings
4 The Cause
50 Cent
501
666
7 Zwerge
89ers
9PM
3D

# Lower case
feat

# Upper case
ABBA
ABC
ACDC
AFI
AGO
ATB
ATC
ATFC
B2K
BAP
BT
BWO
CMI
CSI
DBN
DCUP
DCX
DHS
DHT
DJ
DJ PM
DJTM
DMX
DONS
EAV
EMF
ET
ETO
FLG
GTO
GTR
GTS
IEAIAIO
II
III
IIO
IXI
JBO
JCA
JF
JLS
JMZ
JOB
KC
KCAT
KCPK
KIZ
KLC
KLF
KMC
LMC
LMFAO
LNG
LV
MC
MFG
MGMT
MIMS
MSTRSS
MV
MYC
NDKJ
NORE
NYCC
ODB
OGB
OMC
OMG
OPM
PM
POD
PPK
PYT
QED
REM
RIO
RLP
SITD
SOS
STFU
SWV
TC
TI
TLC
TNT
TQ
TV
UGK
UK
US3
US5
USA
VHS
VIP
WM
WTFIH
YMCA

# Special case
BB Jürgen
BK Duke
C'Mon
Colby O'Donis
D'Agostino
DB Boulevard
DD Klein
DJ's
EV Sound
FPI Project
GMR Clan
JC Chasez
LL Cool J
Mad'House
MC's
MYNC Project
Notorious BIG
N'Sync
PH Electro
Rock'n'Roll
Rune RK
RvdB
Shape UK
S&H Project
Syke'n'Sugarstarr
TM Pulse
XKore
ZZ Top

# Space words
A-Ha
Al-Mer
An-Ya
Anna-Maria Zimmermann
A-Teens
A-Trak
B-52's
Bad Lay-Dee
Bass-T
BBB-Baby
B-Boys Flygirl
Bob
Brian-Docker
Broken-Hearted Girl
B-Tight
C-Bool
C-Block
C-Mos
Cool-T
Counter-Strike
C-Sixty Four
Dany P-Jazz
D-Code
De-Grees
D-Jastic
D-Elektrik
D-JMC
D-Me
D-Rashid
D-Troy
E-40
E-Craig
Erick-E
E-Samba
E-Wok
Flo-Rida
Funk-A-Tron
G-Punkt
Go-Go
Hard-Fi
H-Blockx
H-Boogie
Hi-A Ma
Hi-Tack
I-Witness
Jay-Z
J-Kwon
JS-16
J-Status
K-Klass
K-Paul
Laith Al-Deen
Lena Meyer-Landrut
Marc-El
Maschen-Draht-Zaun
Max-A-Million
Mega-Mania
M-Gee
Mis-Teeq
N-Dubz
N-Force
Ne-Yo
N-Trance
One-T
O-Zone
Pat-Rich
Pan-Pot
P-Diddy
Played-A-Life
Played-A-Live
P-Six
Re-Rewind
Rigga-Ding-Dong-Song
Ring-A-Ling
Run-DMC
Salt'n'Pepa
Samb-Adagio
S-Dean
Ska-P
Sophie Ellis-Bextor
Sven-R-G
Talla 2XLC
Techno-Buben
T-Pain
Trans-Siberian Orchestra
T-Shirt
Will-I-Am
Wreckx-n-Effect
Wu-Tang Clan
X-Files Theme
X-Mas
X-Press
Y-Ass

# Words with mutated vowel
Ärzte
Böttcher
Büffel
Buddy Ogün
Dahlbäck
Düp
Eisbären
Eisgekühlter
Früher
Frühstück
Für
Gehört
Glück
Glückliches
Grönemeyer
Hände
Häusern
Höhner
Hör
Hüpft
Jürgen
Jörg
Könnte
Können
Körper
Krümel
Lautstärketest
Luxuslärm
Lügen
Lützenkirchen
Nüchtern
Mädchen
Möpse
Oberkörper
Ötzi
Rheinländer
Schäfer
Schäferlied
Schön
Schöne
Schönen
Schöner
Schönste
Schönsten
Schröder
Schüchtern
Spät
Sünden
Stärken
Stürmer
Täterä
Trägst
Tränen
Träume
Träumen
Über
Verrückt
Vögel

# Words with ae oe or ue
Baauer
Bauer
Bauern
Bauernhof
Blaue
Blaues
Blue
Carly Rae Jepsen
Clueso
Conquest
Damae
David Guetta
Enrique Iglesias
Frauen
Frauenarzt
Haezer
Italomatique
Jason Caesar
Joe
Kylie Minogue
Michael Mind
Mueve
Oscar De La Fuente
Praecox
Porque
Que
Queen
Rabaue
Raffaella Carra
Rampue
Sak Noel
Stromae
Steuer
Steuersong
Tic Tac Toe

# Words with an abostroph
Ain't
Can't
Don't
Isn't
ughtn't
That'll
Where'd
Who're
Aren't
Hasn't
It'll
I've
Lil' Wayne
Let's
O'Clock
Colby O'Donis
Somebody'll
Who'd
Wouldn't
Doesn't
Haven't
I'd
Needn't
Shan't
They'd
We'd
# We'll gibt auch well=>gut
What're
Could've
It'd
O'Brien
O'Connell
O'Dell
O'Higgins
O'Shea
Wasn't
What's
You've
3GPP's
Couldn't
D'Arezzo
Hadn't
I'll
Mustn't
O'Dwyer
That'd
There'll
They're
T's
You'd
Cont'd
D'etre
He'd
LED's
Mayn't
Must've
O'Casey
O'Neill
O'Sullivan
Weren't
We've
Where're
Who'll
Would've
You're
Didn't
O'Donnell
O'Hare
Ordinate's
She'd
She's
She'll
They've
Shouldn't
There'd
This'll
Who've
D'art
Go's
Here's
O'Clock
They'll
What'd
Won't
You'll
It's
DJ's
MC's
K'Naan
Wavin'
Fallin'
